// Jest Snapshot v1, https://goo.gl/fbAQLP

exports[`Index page should match snapshot 1`] = `
<ThemeProvider
  theme={
    Object {
      "activeColor": "#ffD74f",
      "backgroundColor": "#1D0D0D",
      "errorColor": "#ff665a",
      "linkColor": "#fff",
      "primaryColor": "#ADD90D",
      "secondaryColor": "#488C03",
      "textColor": "#F1F2E9",
      "textFont": "'Exo 2',sans-serif",
    }
  }
>
  <_default>
    <Layout>
      <Layout__Container
        mx="auto"
      >
        <StyledComponent
          forwardedComponent={
            Object {
              "$$typeof": Symbol(react.forward_ref),
              "__emotion_base": "div",
              "__emotion_forwardProp": [Function],
              "__emotion_real": Object {
                "$$typeof": Symbol(react.forward_ref),
                "__emotion_base": "div",
                "__emotion_forwardProp": [Function],
                "__emotion_real": [Circular],
                "__emotion_styles": Array [
                  Object {
                    "boxSizing": "border-box",
                    "margin": 0,
                    "minWidth": 0,
                  },
                  [Function],
                  [Function],
                  [Function],
                  [Function],
                  [Function],
                ],
                "defaultProps": undefined,
                "displayName": "Styled(div)",
                "render": [Function],
                "withComponent": [Function],
              },
              "__emotion_styles": Array [
                Object {
                  "boxSizing": "border-box",
                  "margin": 0,
                  "minWidth": 0,
                },
                [Function],
                [Function],
                [Function],
                [Function],
                [Function],
              ],
              "attrs": Array [],
              "componentStyle": ComponentStyle {
                "componentId": "Layout__Container-pcoicd-0",
                "isStatic": true,
                "lastClassName": "kAVbbH",
                "rules": Array [
                  "max-width:1024px;",
                ],
              },
              "displayName": "Layout__Container",
              "foldedComponentIds": Array [],
              "render": [Function],
              "styledComponentId": "Layout__Container-pcoicd-0",
              "target": Object {
                "$$typeof": Symbol(react.forward_ref),
                "__emotion_base": "div",
                "__emotion_forwardProp": [Function],
                "__emotion_real": [Circular],
                "__emotion_styles": Array [
                  Object {
                    "boxSizing": "border-box",
                    "margin": 0,
                    "minWidth": 0,
                  },
                  [Function],
                  [Function],
                  [Function],
                  [Function],
                  [Function],
                ],
                "defaultProps": undefined,
                "displayName": "Styled(div)",
                "render": [Function],
                "withComponent": [Function],
              },
              "toString": [Function],
              "warnTooManyClasses": [Function],
              "withComponent": [Function],
            }
          }
          forwardedRef={null}
          mx="auto"
        >
          <Styled(div)
            className="Layout__Container-pcoicd-0 kAVbbH"
            mx="auto"
          >
            <div
              className="Layout__Container-pcoicd-0 kAVbbH css-1ntkiwo"
            >
              <Head>
                <Component
                  handleStateChange={null}
                  inAmpMode={false}
                  reduceComponentsToState={[Function]}
                />
              </Head>
            </div>
          </Styled(div)>
        </StyledComponent>
      </Layout__Container>
    </Layout>
  </_default>
</ThemeProvider>
`;
