// Jest Snapshot v1, https://goo.gl/fbAQLP

exports[`Index page should match snapshot 1`] = `
<ThemeProvider
  theme={
    Object {
      "activeColor": "#6d6577",
      "backgroundColor": "#00030c",
      "borderRadius": "4px",
      "buttonTextColor": "#182026",
      "errorColor": "#ff1705",
      "lightBackgroundColor": "#4d425e",
      "linkColor": "#ffffff",
      "primaryColor": "#08ff07",
      "secondaryColor": "#ac9fbf",
      "textColor": "#bdbdc5",
      "textFont": "'Exo 2',sans-serif",
    }
  }
>
  <Page>
    <Layout>
      <Navbar>
        <Navbar__Container
          alignItems="center"
          color="white"
          px={3}
          py={2}
        >
          <StyledComponent
            alignItems="center"
            color="white"
            forwardedComponent={
              Object {
                "$$typeof": Symbol(react.forward_ref),
                "__emotion_base": "div",
                "__emotion_forwardProp": [Function],
                "__emotion_real": Object {
                  "$$typeof": Symbol(react.forward_ref),
                  "__emotion_base": "div",
                  "__emotion_forwardProp": [Function],
                  "__emotion_real": [Circular],
                  "__emotion_styles": Array [
                    Object {
                      "boxSizing": "border-box",
                      "margin": 0,
                      "minWidth": 0,
                    },
                    [Function],
                    [Function],
                    [Function],
                    [Function],
                    [Function],
                    Object {
                      "display": "flex",
                    },
                  ],
                  "defaultProps": undefined,
                  "displayName": "Styled(div)",
                  "render": [Function],
                  "withComponent": [Function],
                },
                "__emotion_styles": Array [
                  Object {
                    "boxSizing": "border-box",
                    "margin": 0,
                    "minWidth": 0,
                  },
                  [Function],
                  [Function],
                  [Function],
                  [Function],
                  [Function],
                  Object {
                    "display": "flex",
                  },
                ],
                "attrs": Array [],
                "componentStyle": ComponentStyle {
                  "componentId": "Navbar__Container-sc-1qe3s5x-1",
                  "isStatic": false,
                  "lastClassName": "kaXoOJ",
                  "rules": Array [
                    "background-color:",
                    [Function],
                    ";position:fixed;top:0;left:0;right 0;",
                  ],
                },
                "displayName": "Navbar__Container",
                "foldedComponentIds": Array [],
                "render": [Function],
                "styledComponentId": "Navbar__Container-sc-1qe3s5x-1",
                "target": Object {
                  "$$typeof": Symbol(react.forward_ref),
                  "__emotion_base": "div",
                  "__emotion_forwardProp": [Function],
                  "__emotion_real": [Circular],
                  "__emotion_styles": Array [
                    Object {
                      "boxSizing": "border-box",
                      "margin": 0,
                      "minWidth": 0,
                    },
                    [Function],
                    [Function],
                    [Function],
                    [Function],
                    [Function],
                    Object {
                      "display": "flex",
                    },
                  ],
                  "defaultProps": undefined,
                  "displayName": "Styled(div)",
                  "render": [Function],
                  "withComponent": [Function],
                },
                "toString": [Function],
                "warnTooManyClasses": [Function],
                "withComponent": [Function],
              }
            }
            forwardedRef={null}
            px={3}
            py={2}
          >
            <Styled(div)
              alignItems="center"
              className="Navbar__Container-sc-1qe3s5x-1 kaXoOJ"
              color="white"
              px={3}
              py={2}
            >
              <div
                className="Navbar__Container-sc-1qe3s5x-1 kaXoOJ css-1l5bsj0"
              >
                <Styled(div)
                  mr="auto"
                >
                  <div
                    className="css-1vt9iih"
                  >
                    <Styled(div)
                      alignItems="center"
                    >
                      <div
                        className="css-zkfaav"
                      >
                        <Styled(div)
                          mr={3}
                          width="175px"
                        >
                          <div
                            className="css-1xu7xp0"
                          >
                            <Navbar__Logo>
                              <StyledComponent
                                forwardedComponent={
                                  Object {
                                    "$$typeof": Symbol(react.forward_ref),
                                    "attrs": Array [],
                                    "componentStyle": ComponentStyle {
                                      "componentId": "Navbar__Logo-sc-1qe3s5x-2",
                                      "isStatic": false,
                                      "lastClassName": "hAdfFg",
                                      "rules": Array [
                                        "filter:grayscale(1);transition:0.25s filter ease-in-out;&:hover{filter:grayscale(0);}",
                                      ],
                                    },
                                    "displayName": "Navbar__Logo",
                                    "foldedComponentIds": Array [],
                                    "render": [Function],
                                    "styledComponentId": "Navbar__Logo-sc-1qe3s5x-2",
                                    "target": "div",
                                    "toString": [Function],
                                    "warnTooManyClasses": [Function],
                                    "withComponent": [Function],
                                  }
                                }
                                forwardedRef={null}
                              >
                                <div
                                  className="Navbar__Logo-sc-1qe3s5x-2 hAdfFg"
                                >
                                  <ImageButton
                                    href="/"
                                    imageSrc="/images/gamejitsu-writing.svg"
                                  >
                                    <ImageButton__Link
                                      href="/"
                                    >
                                      <StyledComponent
                                        forwardedComponent={
                                          Object {
                                            "$$typeof": Symbol(react.forward_ref),
                                            "attrs": Array [],
                                            "componentStyle": ComponentStyle {
                                              "componentId": "ImageButton__Link-ijww0w-1",
                                              "isStatic": false,
                                              "lastClassName": "bhGqMS",
                                              "rules": Array [
                                                [Function],
                                              ],
                                            },
                                            "displayName": "ImageButton__Link",
                                            "foldedComponentIds": Array [],
                                            "render": [Function],
                                            "styledComponentId": "ImageButton__Link-ijww0w-1",
                                            "target": "a",
                                            "toString": [Function],
                                            "warnTooManyClasses": [Function],
                                            "withComponent": [Function],
                                          }
                                        }
                                        forwardedRef={null}
                                        href="/"
                                      >
                                        <a
                                          className="ImageButton__Link-ijww0w-1 bhGqMS"
                                          href="/"
                                        >
                                          <ImageButton__Image
                                            src="/images/gamejitsu-writing.svg"
                                          >
                                            <StyledComponent
                                              forwardedComponent={
                                                Object {
                                                  "$$typeof": Symbol(react.forward_ref),
                                                  "attrs": Array [],
                                                  "componentStyle": ComponentStyle {
                                                    "componentId": "ImageButton__Image-ijww0w-2",
                                                    "isStatic": false,
                                                    "lastClassName": "hEKrRQ",
                                                    "rules": Array [
                                                      "width:100%;",
                                                    ],
                                                  },
                                                  "displayName": "ImageButton__Image",
                                                  "foldedComponentIds": Array [],
                                                  "render": [Function],
                                                  "styledComponentId": "ImageButton__Image-ijww0w-2",
                                                  "target": "img",
                                                  "toString": [Function],
                                                  "warnTooManyClasses": [Function],
                                                  "withComponent": [Function],
                                                }
                                              }
                                              forwardedRef={null}
                                              src="/images/gamejitsu-writing.svg"
                                            >
                                              <img
                                                className="ImageButton__Image-ijww0w-2 hEKrRQ"
                                                src="/images/gamejitsu-writing.svg"
                                              />
                                            </StyledComponent>
                                          </ImageButton__Image>
                                        </a>
                                      </StyledComponent>
                                    </ImageButton__Link>
                                  </ImageButton>
                                </div>
                              </StyledComponent>
                            </Navbar__Logo>
                          </div>
                        </Styled(div)>
                        <NavLink
                          href="/dashboard"
                        >
                          <Styled(div)
                            m={2}
                          >
                            <div
                              className="css-1eo79v7"
                            >
                              <Navbar__NavLinkContent
                                href="/dashboard"
                                isActive={null}
                              >
                                <StyledComponent
                                  forwardedComponent={
                                    Object {
                                      "$$typeof": Symbol(react.forward_ref),
                                      "attrs": Array [],
                                      "componentStyle": ComponentStyle {
                                        "componentId": "Navbar__NavLinkContent-sc-1qe3s5x-0",
                                        "isStatic": false,
                                        "lastClassName": "jFufCh",
                                        "rules": Array [
                                          "font-weight:bold;transition:all 0.15s ease-in-out;position:relative;&::before{background-color:",
                                          [Function],
                                          ";content:\\"\\";height:5px;margin-top:3px;left:0;opacity:",
                                          [Function],
                                          ";pointer-events:none;position:absolute;right:0;top:100%;transition:opacity 0.2s;width:100%;}&:hover::before{opacity:1;}",
                                        ],
                                      },
                                      "displayName": "Navbar__NavLinkContent",
                                      "foldedComponentIds": Array [],
                                      "render": [Function],
                                      "styledComponentId": "Navbar__NavLinkContent-sc-1qe3s5x-0",
                                      "target": [Function],
                                      "toString": [Function],
                                      "warnTooManyClasses": [Function],
                                      "withComponent": [Function],
                                    }
                                  }
                                  forwardedRef={null}
                                  href="/dashboard"
                                  isActive={null}
                                >
                                  <Link
                                    className="Navbar__NavLinkContent-sc-1qe3s5x-0 jFufCh"
                                    href="/dashboard"
                                    isActive={null}
                                  >
                                    <Link
                                      href="/dashboard"
                                    >
                                      <Link__Content
                                        className="Navbar__NavLinkContent-sc-1qe3s5x-0 jFufCh"
                                        onClick={[Function]}
                                        onMouseEnter={[Function]}
                                      >
                                        <StyledComponent
                                          className="Navbar__NavLinkContent-sc-1qe3s5x-0 jFufCh"
                                          forwardedComponent={
                                            Object {
                                              "$$typeof": Symbol(react.forward_ref),
                                              "attrs": Array [],
                                              "componentStyle": ComponentStyle {
                                                "componentId": "Link__Content-j0sqir-0",
                                                "isStatic": false,
                                                "lastClassName": "kuoXkD",
                                                "rules": Array [
                                                  "color:",
                                                  [Function],
                                                  ";cursor:pointer;&:hover{text-decoration:none;}",
                                                ],
                                              },
                                              "displayName": "Link__Content",
                                              "foldedComponentIds": Array [],
                                              "render": [Function],
                                              "styledComponentId": "Link__Content-j0sqir-0",
                                              "target": "a",
                                              "toString": [Function],
                                              "warnTooManyClasses": [Function],
                                              "withComponent": [Function],
                                            }
                                          }
                                          forwardedRef={[Function]}
                                          onClick={[Function]}
                                          onMouseEnter={[Function]}
                                        >
                                          <a
                                            className="Link__Content-j0sqir-0 kuoXkD Navbar__NavLinkContent-sc-1qe3s5x-0 jFufCh"
                                            onClick={[Function]}
                                            onMouseEnter={[Function]}
                                          >
                                            Dashboard
                                          </a>
                                        </StyledComponent>
                                      </Link__Content>
                                    </Link>
                                  </Link>
                                </StyledComponent>
                              </Navbar__NavLinkContent>
                            </div>
                          </Styled(div)>
                        </NavLink>
                        <NavLink
                          href="/reviews"
                        >
                          <Styled(div)
                            m={2}
                          >
                            <div
                              className="css-1eo79v7"
                            >
                              <Navbar__NavLinkContent
                                href="/reviews"
                                isActive={null}
                              >
                                <StyledComponent
                                  forwardedComponent={
                                    Object {
                                      "$$typeof": Symbol(react.forward_ref),
                                      "attrs": Array [],
                                      "componentStyle": ComponentStyle {
                                        "componentId": "Navbar__NavLinkContent-sc-1qe3s5x-0",
                                        "isStatic": false,
                                        "lastClassName": "jFufCh",
                                        "rules": Array [
                                          "font-weight:bold;transition:all 0.15s ease-in-out;position:relative;&::before{background-color:",
                                          [Function],
                                          ";content:\\"\\";height:5px;margin-top:3px;left:0;opacity:",
                                          [Function],
                                          ";pointer-events:none;position:absolute;right:0;top:100%;transition:opacity 0.2s;width:100%;}&:hover::before{opacity:1;}",
                                        ],
                                      },
                                      "displayName": "Navbar__NavLinkContent",
                                      "foldedComponentIds": Array [],
                                      "render": [Function],
                                      "styledComponentId": "Navbar__NavLinkContent-sc-1qe3s5x-0",
                                      "target": [Function],
                                      "toString": [Function],
                                      "warnTooManyClasses": [Function],
                                      "withComponent": [Function],
                                    }
                                  }
                                  forwardedRef={null}
                                  href="/reviews"
                                  isActive={null}
                                >
                                  <Link
                                    className="Navbar__NavLinkContent-sc-1qe3s5x-0 jFufCh"
                                    href="/reviews"
                                    isActive={null}
                                  >
                                    <Link
                                      href="/reviews"
                                    >
                                      <Link__Content
                                        className="Navbar__NavLinkContent-sc-1qe3s5x-0 jFufCh"
                                        onClick={[Function]}
                                        onMouseEnter={[Function]}
                                      >
                                        <StyledComponent
                                          className="Navbar__NavLinkContent-sc-1qe3s5x-0 jFufCh"
                                          forwardedComponent={
                                            Object {
                                              "$$typeof": Symbol(react.forward_ref),
                                              "attrs": Array [],
                                              "componentStyle": ComponentStyle {
                                                "componentId": "Link__Content-j0sqir-0",
                                                "isStatic": false,
                                                "lastClassName": "kuoXkD",
                                                "rules": Array [
                                                  "color:",
                                                  [Function],
                                                  ";cursor:pointer;&:hover{text-decoration:none;}",
                                                ],
                                              },
                                              "displayName": "Link__Content",
                                              "foldedComponentIds": Array [],
                                              "render": [Function],
                                              "styledComponentId": "Link__Content-j0sqir-0",
                                              "target": "a",
                                              "toString": [Function],
                                              "warnTooManyClasses": [Function],
                                              "withComponent": [Function],
                                            }
                                          }
                                          forwardedRef={[Function]}
                                          onClick={[Function]}
                                          onMouseEnter={[Function]}
                                        >
                                          <a
                                            className="Link__Content-j0sqir-0 kuoXkD Navbar__NavLinkContent-sc-1qe3s5x-0 jFufCh"
                                            onClick={[Function]}
                                            onMouseEnter={[Function]}
                                          >
                                            Reviews
                                          </a>
                                        </StyledComponent>
                                      </Link__Content>
                                    </Link>
                                  </Link>
                                </StyledComponent>
                              </Navbar__NavLinkContent>
                            </div>
                          </Styled(div)>
                        </NavLink>
                        <NavLink
                          href="/coach-reviews"
                        >
                          <Styled(div)
                            m={2}
                          >
                            <div
                              className="css-1eo79v7"
                            >
                              <Navbar__NavLinkContent
                                href="/coach-reviews"
                                isActive={null}
                              >
                                <StyledComponent
                                  forwardedComponent={
                                    Object {
                                      "$$typeof": Symbol(react.forward_ref),
                                      "attrs": Array [],
                                      "componentStyle": ComponentStyle {
                                        "componentId": "Navbar__NavLinkContent-sc-1qe3s5x-0",
                                        "isStatic": false,
                                        "lastClassName": "jFufCh",
                                        "rules": Array [
                                          "font-weight:bold;transition:all 0.15s ease-in-out;position:relative;&::before{background-color:",
                                          [Function],
                                          ";content:\\"\\";height:5px;margin-top:3px;left:0;opacity:",
                                          [Function],
                                          ";pointer-events:none;position:absolute;right:0;top:100%;transition:opacity 0.2s;width:100%;}&:hover::before{opacity:1;}",
                                        ],
                                      },
                                      "displayName": "Navbar__NavLinkContent",
                                      "foldedComponentIds": Array [],
                                      "render": [Function],
                                      "styledComponentId": "Navbar__NavLinkContent-sc-1qe3s5x-0",
                                      "target": [Function],
                                      "toString": [Function],
                                      "warnTooManyClasses": [Function],
                                      "withComponent": [Function],
                                    }
                                  }
                                  forwardedRef={null}
                                  href="/coach-reviews"
                                  isActive={null}
                                >
                                  <Link
                                    className="Navbar__NavLinkContent-sc-1qe3s5x-0 jFufCh"
                                    href="/coach-reviews"
                                    isActive={null}
                                  >
                                    <Link
                                      href="/coach-reviews"
                                    >
                                      <Link__Content
                                        className="Navbar__NavLinkContent-sc-1qe3s5x-0 jFufCh"
                                        onClick={[Function]}
                                        onMouseEnter={[Function]}
                                      >
                                        <StyledComponent
                                          className="Navbar__NavLinkContent-sc-1qe3s5x-0 jFufCh"
                                          forwardedComponent={
                                            Object {
                                              "$$typeof": Symbol(react.forward_ref),
                                              "attrs": Array [],
                                              "componentStyle": ComponentStyle {
                                                "componentId": "Link__Content-j0sqir-0",
                                                "isStatic": false,
                                                "lastClassName": "kuoXkD",
                                                "rules": Array [
                                                  "color:",
                                                  [Function],
                                                  ";cursor:pointer;&:hover{text-decoration:none;}",
                                                ],
                                              },
                                              "displayName": "Link__Content",
                                              "foldedComponentIds": Array [],
                                              "render": [Function],
                                              "styledComponentId": "Link__Content-j0sqir-0",
                                              "target": "a",
                                              "toString": [Function],
                                              "warnTooManyClasses": [Function],
                                              "withComponent": [Function],
                                            }
                                          }
                                          forwardedRef={[Function]}
                                          onClick={[Function]}
                                          onMouseEnter={[Function]}
                                        >
                                          <a
                                            className="Link__Content-j0sqir-0 kuoXkD Navbar__NavLinkContent-sc-1qe3s5x-0 jFufCh"
                                            onClick={[Function]}
                                            onMouseEnter={[Function]}
                                          >
                                            Coach Reviews
                                          </a>
                                        </StyledComponent>
                                      </Link__Content>
                                    </Link>
                                  </Link>
                                </StyledComponent>
                              </Navbar__NavLinkContent>
                            </div>
                          </Styled(div)>
                        </NavLink>
                        <NavLink
                          href="/coach-signup"
                        >
                          <Styled(div)
                            m={2}
                          >
                            <div
                              className="css-1eo79v7"
                            >
                              <Navbar__NavLinkContent
                                href="/coach-signup"
                                isActive={null}
                              >
                                <StyledComponent
                                  forwardedComponent={
                                    Object {
                                      "$$typeof": Symbol(react.forward_ref),
                                      "attrs": Array [],
                                      "componentStyle": ComponentStyle {
                                        "componentId": "Navbar__NavLinkContent-sc-1qe3s5x-0",
                                        "isStatic": false,
                                        "lastClassName": "jFufCh",
                                        "rules": Array [
                                          "font-weight:bold;transition:all 0.15s ease-in-out;position:relative;&::before{background-color:",
                                          [Function],
                                          ";content:\\"\\";height:5px;margin-top:3px;left:0;opacity:",
                                          [Function],
                                          ";pointer-events:none;position:absolute;right:0;top:100%;transition:opacity 0.2s;width:100%;}&:hover::before{opacity:1;}",
                                        ],
                                      },
                                      "displayName": "Navbar__NavLinkContent",
                                      "foldedComponentIds": Array [],
                                      "render": [Function],
                                      "styledComponentId": "Navbar__NavLinkContent-sc-1qe3s5x-0",
                                      "target": [Function],
                                      "toString": [Function],
                                      "warnTooManyClasses": [Function],
                                      "withComponent": [Function],
                                    }
                                  }
                                  forwardedRef={null}
                                  href="/coach-signup"
                                  isActive={null}
                                >
                                  <Link
                                    className="Navbar__NavLinkContent-sc-1qe3s5x-0 jFufCh"
                                    href="/coach-signup"
                                    isActive={null}
                                  >
                                    <Link
                                      href="/coach-signup"
                                    >
                                      <Link__Content
                                        className="Navbar__NavLinkContent-sc-1qe3s5x-0 jFufCh"
                                        onClick={[Function]}
                                        onMouseEnter={[Function]}
                                      >
                                        <StyledComponent
                                          className="Navbar__NavLinkContent-sc-1qe3s5x-0 jFufCh"
                                          forwardedComponent={
                                            Object {
                                              "$$typeof": Symbol(react.forward_ref),
                                              "attrs": Array [],
                                              "componentStyle": ComponentStyle {
                                                "componentId": "Link__Content-j0sqir-0",
                                                "isStatic": false,
                                                "lastClassName": "kuoXkD",
                                                "rules": Array [
                                                  "color:",
                                                  [Function],
                                                  ";cursor:pointer;&:hover{text-decoration:none;}",
                                                ],
                                              },
                                              "displayName": "Link__Content",
                                              "foldedComponentIds": Array [],
                                              "render": [Function],
                                              "styledComponentId": "Link__Content-j0sqir-0",
                                              "target": "a",
                                              "toString": [Function],
                                              "warnTooManyClasses": [Function],
                                              "withComponent": [Function],
                                            }
                                          }
                                          forwardedRef={[Function]}
                                          onClick={[Function]}
                                          onMouseEnter={[Function]}
                                        >
                                          <a
                                            className="Link__Content-j0sqir-0 kuoXkD Navbar__NavLinkContent-sc-1qe3s5x-0 jFufCh"
                                            onClick={[Function]}
                                            onMouseEnter={[Function]}
                                          >
                                            Coach SignUp
                                          </a>
                                        </StyledComponent>
                                      </Link__Content>
                                    </Link>
                                  </Link>
                                </StyledComponent>
                              </Navbar__NavLinkContent>
                            </div>
                          </Styled(div)>
                        </NavLink>
                        <NavLink
                          href="/coach-dashboard"
                        >
                          <Styled(div)
                            m={2}
                          >
                            <div
                              className="css-1eo79v7"
                            >
                              <Navbar__NavLinkContent
                                href="/coach-dashboard"
                                isActive={null}
                              >
                                <StyledComponent
                                  forwardedComponent={
                                    Object {
                                      "$$typeof": Symbol(react.forward_ref),
                                      "attrs": Array [],
                                      "componentStyle": ComponentStyle {
                                        "componentId": "Navbar__NavLinkContent-sc-1qe3s5x-0",
                                        "isStatic": false,
                                        "lastClassName": "jFufCh",
                                        "rules": Array [
                                          "font-weight:bold;transition:all 0.15s ease-in-out;position:relative;&::before{background-color:",
                                          [Function],
                                          ";content:\\"\\";height:5px;margin-top:3px;left:0;opacity:",
                                          [Function],
                                          ";pointer-events:none;position:absolute;right:0;top:100%;transition:opacity 0.2s;width:100%;}&:hover::before{opacity:1;}",
                                        ],
                                      },
                                      "displayName": "Navbar__NavLinkContent",
                                      "foldedComponentIds": Array [],
                                      "render": [Function],
                                      "styledComponentId": "Navbar__NavLinkContent-sc-1qe3s5x-0",
                                      "target": [Function],
                                      "toString": [Function],
                                      "warnTooManyClasses": [Function],
                                      "withComponent": [Function],
                                    }
                                  }
                                  forwardedRef={null}
                                  href="/coach-dashboard"
                                  isActive={null}
                                >
                                  <Link
                                    className="Navbar__NavLinkContent-sc-1qe3s5x-0 jFufCh"
                                    href="/coach-dashboard"
                                    isActive={null}
                                  >
                                    <Link
                                      href="/coach-dashboard"
                                    >
                                      <Link__Content
                                        className="Navbar__NavLinkContent-sc-1qe3s5x-0 jFufCh"
                                        onClick={[Function]}
                                        onMouseEnter={[Function]}
                                      >
                                        <StyledComponent
                                          className="Navbar__NavLinkContent-sc-1qe3s5x-0 jFufCh"
                                          forwardedComponent={
                                            Object {
                                              "$$typeof": Symbol(react.forward_ref),
                                              "attrs": Array [],
                                              "componentStyle": ComponentStyle {
                                                "componentId": "Link__Content-j0sqir-0",
                                                "isStatic": false,
                                                "lastClassName": "kuoXkD",
                                                "rules": Array [
                                                  "color:",
                                                  [Function],
                                                  ";cursor:pointer;&:hover{text-decoration:none;}",
                                                ],
                                              },
                                              "displayName": "Link__Content",
                                              "foldedComponentIds": Array [],
                                              "render": [Function],
                                              "styledComponentId": "Link__Content-j0sqir-0",
                                              "target": "a",
                                              "toString": [Function],
                                              "warnTooManyClasses": [Function],
                                              "withComponent": [Function],
                                            }
                                          }
                                          forwardedRef={[Function]}
                                          onClick={[Function]}
                                          onMouseEnter={[Function]}
                                        >
                                          <a
                                            className="Link__Content-j0sqir-0 kuoXkD Navbar__NavLinkContent-sc-1qe3s5x-0 jFufCh"
                                            onClick={[Function]}
                                            onMouseEnter={[Function]}
                                          >
                                            Coach Dashboard
                                          </a>
                                        </StyledComponent>
                                      </Link__Content>
                                    </Link>
                                  </Link>
                                </StyledComponent>
                              </Navbar__NavLinkContent>
                            </div>
                          </Styled(div)>
                        </NavLink>
                      </div>
                    </Styled(div)>
                  </div>
                </Styled(div)>
                <NavLink
                  href="/"
                  key="username"
                >
                  <Styled(div)
                    m={2}
                  >
                    <div
                      className="css-1eo79v7"
                    >
                      <Navbar__NavLinkContent
                        href="/"
                        isActive={null}
                      >
                        <StyledComponent
                          forwardedComponent={
                            Object {
                              "$$typeof": Symbol(react.forward_ref),
                              "attrs": Array [],
                              "componentStyle": ComponentStyle {
                                "componentId": "Navbar__NavLinkContent-sc-1qe3s5x-0",
                                "isStatic": false,
                                "lastClassName": "jFufCh",
                                "rules": Array [
                                  "font-weight:bold;transition:all 0.15s ease-in-out;position:relative;&::before{background-color:",
                                  [Function],
                                  ";content:\\"\\";height:5px;margin-top:3px;left:0;opacity:",
                                  [Function],
                                  ";pointer-events:none;position:absolute;right:0;top:100%;transition:opacity 0.2s;width:100%;}&:hover::before{opacity:1;}",
                                ],
                              },
                              "displayName": "Navbar__NavLinkContent",
                              "foldedComponentIds": Array [],
                              "render": [Function],
                              "styledComponentId": "Navbar__NavLinkContent-sc-1qe3s5x-0",
                              "target": [Function],
                              "toString": [Function],
                              "warnTooManyClasses": [Function],
                              "withComponent": [Function],
                            }
                          }
                          forwardedRef={null}
                          href="/"
                          isActive={null}
                        >
                          <Link
                            className="Navbar__NavLinkContent-sc-1qe3s5x-0 jFufCh"
                            href="/"
                            isActive={null}
                          >
                            <Link
                              href="/"
                            >
                              <Link__Content
                                className="Navbar__NavLinkContent-sc-1qe3s5x-0 jFufCh"
                                onClick={[Function]}
                                onMouseEnter={[Function]}
                              >
                                <StyledComponent
                                  className="Navbar__NavLinkContent-sc-1qe3s5x-0 jFufCh"
                                  forwardedComponent={
                                    Object {
                                      "$$typeof": Symbol(react.forward_ref),
                                      "attrs": Array [],
                                      "componentStyle": ComponentStyle {
                                        "componentId": "Link__Content-j0sqir-0",
                                        "isStatic": false,
                                        "lastClassName": "kuoXkD",
                                        "rules": Array [
                                          "color:",
                                          [Function],
                                          ";cursor:pointer;&:hover{text-decoration:none;}",
                                        ],
                                      },
                                      "displayName": "Link__Content",
                                      "foldedComponentIds": Array [],
                                      "render": [Function],
                                      "styledComponentId": "Link__Content-j0sqir-0",
                                      "target": "a",
                                      "toString": [Function],
                                      "warnTooManyClasses": [Function],
                                      "withComponent": [Function],
                                    }
                                  }
                                  forwardedRef={[Function]}
                                  onClick={[Function]}
                                  onMouseEnter={[Function]}
                                >
                                  <a
                                    className="Link__Content-j0sqir-0 kuoXkD Navbar__NavLinkContent-sc-1qe3s5x-0 jFufCh"
                                    onClick={[Function]}
                                    onMouseEnter={[Function]}
                                  >
                                    userTest
                                  </a>
                                </StyledComponent>
                              </Link__Content>
                            </Link>
                          </Link>
                        </StyledComponent>
                      </Navbar__NavLinkContent>
                    </div>
                  </Styled(div)>
                </NavLink>
                <Button
                  key="logout"
                  onClick={[Function]}
                  text="Logout"
                >
                  <div>
                    <Button__Content
                      disabled={false}
                      onClick={[Function]}
                      type="button"
                    >
                      <StyledComponent
                        disabled={false}
                        forwardedComponent={
                          Object {
                            "$$typeof": Symbol(react.forward_ref),
                            "attrs": Array [],
                            "componentStyle": ComponentStyle {
                              "componentId": "Button__Content-sc-1qhaj03-0",
                              "isStatic": false,
                              "lastClassName": "mgUsw",
                              "rules": Array [
                                "&.",
                                [Function],
                                "{border-radius:",
                                [Function],
                                ";border:0;box-shadow:inset 0px -3px 0px 0px ",
                                [Function],
                                ";background:linear-gradient( to bottom,",
                                [Function],
                                ",",
                                [Function],
                                " );padding:12px 30px 14px 30px;font-family:",
                                [Function],
                                ";font-size:15px;outline:none;cursor:pointer;font-weight:bold;&:hover{background-image:linear-gradient( to bottom,",
                                [Function],
                                ",",
                                [Function],
                                " );box-shadow:inset 0px -3px 0px 0px ",
                                [Function],
                                ";}&:active{background-image:linear-gradient( to bottom,",
                                [Function],
                                ",",
                                [Function],
                                " );outline:none;box-shadow:inset 0px 3px 0px 0px ",
                                [Function],
                                ";padding-bottom:12px;margin-top:2px;}}",
                              ],
                            },
                            "displayName": "Button__Content",
                            "foldedComponentIds": Array [],
                            "render": [Function],
                            "styledComponentId": "Button__Content-sc-1qhaj03-0",
                            "target": [Function],
                            "toString": [Function],
                            "warnTooManyClasses": [Function],
                            "withComponent": [Function],
                          }
                        }
                        forwardedRef={null}
                        onClick={[Function]}
                        type="button"
                      >
                        <Blueprint3.Button
                          className="Button__Content-sc-1qhaj03-0 mgUsw"
                          disabled={false}
                          onClick={[Function]}
                          type="button"
                        >
                          <button
                            className="bp3-button Button__Content-sc-1qhaj03-0 mgUsw"
                            onClick={[Function]}
                            onKeyDown={[Function]}
                            onKeyUp={[Function]}
                            type="button"
                          >
                            <Blueprint3.Icon
                              key="leftIcon"
                            />
                            <span
                              className="bp3-button-text"
                              key="text"
                            >
                              Logout
                            </span>
                            <Blueprint3.Icon
                              key="rightIcon"
                            />
                          </button>
                        </Blueprint3.Button>
                      </StyledComponent>
                    </Button__Content>
                  </div>
                </Button>
              </div>
            </Styled(div)>
          </StyledComponent>
        </Navbar__Container>
      </Navbar>
      <Layout__Container
        mx="auto"
        p={4}
        pt={92}
      >
        <StyledComponent
          forwardedComponent={
            Object {
              "$$typeof": Symbol(react.forward_ref),
              "__emotion_base": "div",
              "__emotion_forwardProp": [Function],
              "__emotion_real": Object {
                "$$typeof": Symbol(react.forward_ref),
                "__emotion_base": "div",
                "__emotion_forwardProp": [Function],
                "__emotion_real": [Circular],
                "__emotion_styles": Array [
                  Object {
                    "boxSizing": "border-box",
                    "margin": 0,
                    "minWidth": 0,
                  },
                  [Function],
                  [Function],
                  [Function],
                  [Function],
                  [Function],
                ],
                "defaultProps": undefined,
                "displayName": "Styled(div)",
                "render": [Function],
                "withComponent": [Function],
              },
              "__emotion_styles": Array [
                Object {
                  "boxSizing": "border-box",
                  "margin": 0,
                  "minWidth": 0,
                },
                [Function],
                [Function],
                [Function],
                [Function],
                [Function],
              ],
              "attrs": Array [],
              "componentStyle": ComponentStyle {
                "componentId": "Layout__Container-sc-1iu1ypv-0",
                "isStatic": false,
                "lastClassName": "fdaunp",
                "rules": Array [
                  "max-width:1024px;height:100%;",
                ],
              },
              "displayName": "Layout__Container",
              "foldedComponentIds": Array [],
              "render": [Function],
              "styledComponentId": "Layout__Container-sc-1iu1ypv-0",
              "target": Object {
                "$$typeof": Symbol(react.forward_ref),
                "__emotion_base": "div",
                "__emotion_forwardProp": [Function],
                "__emotion_real": [Circular],
                "__emotion_styles": Array [
                  Object {
                    "boxSizing": "border-box",
                    "margin": 0,
                    "minWidth": 0,
                  },
                  [Function],
                  [Function],
                  [Function],
                  [Function],
                  [Function],
                ],
                "defaultProps": undefined,
                "displayName": "Styled(div)",
                "render": [Function],
                "withComponent": [Function],
              },
              "toString": [Function],
              "warnTooManyClasses": [Function],
              "withComponent": [Function],
            }
          }
          forwardedRef={null}
          mx="auto"
          p={4}
          pt={92}
        >
          <Styled(div)
            className="Layout__Container-sc-1iu1ypv-0 fdaunp"
            mx="auto"
            p={4}
            pt={92}
          >
            <div
              className="Layout__Container-sc-1iu1ypv-0 fdaunp css-1apx8v2"
            >
              <Head>
                <Component
                  handleStateChange={null}
                  inAmpMode={false}
                  reduceComponentsToState={[Function]}
                />
              </Head>
              <Styled(div)
                alignItems="center"
                height="100%"
                justifyContent="center"
                marginTop="100px"
              >
                <div
                  className="css-1j918vq"
                >
                  <Page__Image
                    src="/images/gamejitsu-main-logo.svg"
                  >
                    <StyledComponent
                      forwardedComponent={
                        Object {
                          "$$typeof": Symbol(react.forward_ref),
                          "attrs": Array [],
                          "componentStyle": ComponentStyle {
                            "componentId": "Page__Image-sc-1ix2o3i-0",
                            "isStatic": false,
                            "lastClassName": "jKByaH",
                            "rules": Array [
                              "width:510px;",
                            ],
                          },
                          "displayName": "Page__Image",
                          "foldedComponentIds": Array [],
                          "render": [Function],
                          "styledComponentId": "Page__Image-sc-1ix2o3i-0",
                          "target": "img",
                          "toString": [Function],
                          "warnTooManyClasses": [Function],
                          "withComponent": [Function],
                        }
                      }
                      forwardedRef={null}
                      src="/images/gamejitsu-main-logo.svg"
                    >
                      <img
                        className="Page__Image-sc-1ix2o3i-0 jKByaH"
                        src="/images/gamejitsu-main-logo.svg"
                      />
                    </StyledComponent>
                  </Page__Image>
                </div>
              </Styled(div)>
            </div>
          </Styled(div)>
        </StyledComponent>
      </Layout__Container>
    </Layout>
  </Page>
</ThemeProvider>
`;
